--------------------------------------------------------------------------------------
Timing Analyzer Summary
--------------------------------------------------------------------------------------

Type           : Worst-case tsu
Slack          : N/A
Required Time  : None
Actual Time    : 1.932 ns
From           : REG_NUM[1]
To             : lpm_dff0:inst36|lpm_ff:lpm_ff_component|dffs[1]
From Clock     : --
To Clock       : CLK
Failed Paths   : 0

Type           : Worst-case tco
Slack          : N/A
Required Time  : None
Actual Time    : 12.578 ns
From           : lpm_dff0:inst37|lpm_ff:lpm_ff_component|dffs[5]
To             : DATA[5]
From Clock     : CLK
To Clock       : --
Failed Paths   : 0

Type           : Worst-case tpd
Slack          : N/A
Required Time  : None
Actual Time    : 12.475 ns
From           : REG_NUM[2]
To             : DATA[5]
From Clock     : --
To Clock       : --
Failed Paths   : 0

Type           : Worst-case th
Slack          : N/A
Required Time  : None
Actual Time    : 0.636 ns
From           : REG_NUM[0]
To             : lpm_dff0:inst35|lpm_ff:lpm_ff_component|dffs[0]
From Clock     : --
To Clock       : REG_NUM[0]
Failed Paths   : 0

Type           : Total number of failed paths
Slack          : 
Required Time  : 
Actual Time    : 
From           : 
To             : 
From Clock     : 
To Clock       : 
Failed Paths   : 0

--------------------------------------------------------------------------------------

