--------------------------------------------------------------------------------------
Timing Analyzer Summary
--------------------------------------------------------------------------------------

Type           : Worst-case tsu
Slack          : N/A
Required Time  : None
Actual Time    : 3.111 ns
From           : ADDR[0]
To             : RAM:inst20|lpm_ram_io:inst|altram:sram|altsyncram:ram_block|altsyncram_aa91:auto_generated|ram_block1a0~porta_address_reg0
From Clock     : --
To Clock       : CLK
Failed Paths   : 0

Type           : Worst-case tco
Slack          : N/A
Required Time  : None
Actual Time    : 11.692 ns
From           : DMA:inst5|lpm_counter_8bit_load:inst8|lpm_counter:lpm_counter_component|cntr_21i:auto_generated|safe_q[4]
To             : D[0]
From Clock     : CLK
To Clock       : --
Failed Paths   : 0

Type           : Worst-case th
Slack          : N/A
Required Time  : None
Actual Time    : 0.954 ns
From           : SA[4]
To             : DMA:inst5|lpm_counter_8bit_load:inst7|lpm_counter:lpm_counter_component|cntr_21i:auto_generated|safe_q[4]
From Clock     : --
To Clock       : CLK
Failed Paths   : 0

Type           : Clock Setup: 'CLK'
Slack          : N/A
Required Time  : None
Actual Time    : 85.08 MHz ( period = 11.754 ns )
From           : DMA:inst5|lpm_counter_8bit_load:inst8|lpm_counter:lpm_counter_component|cntr_21i:auto_generated|safe_q[4]
To             : RAM:inst20|lpm_ram_io:inst|altram:sram|altsyncram:ram_block|altsyncram_aa91:auto_generated|ram_block1a0~porta_datain_reg3
From Clock     : CLK
To Clock       : CLK
Failed Paths   : 0

Type           : Total number of failed paths
Slack          : 
Required Time  : 
Actual Time    : 
From           : 
To             : 
From Clock     : 
To Clock       : 
Failed Paths   : 0

--------------------------------------------------------------------------------------

